[debug] [2026-07-20T04:11:27.824Z] ----------------------------------------------------------------------
[debug] [2026-07-20T04:11:27.843Z] Command:       C:\Program Files\nodejs\node.exe C:\Users\JOANNE\AppData\Roaming\npm\node_modules\firebase-tools\lib\bin\firebase.js projects:list
[debug] [2026-07-20T04:11:27.845Z] CLI Version:   15.22.3
[debug] [2026-07-20T04:11:27.845Z] Platform:      win32
[debug] [2026-07-20T04:11:27.845Z] Node Version:  v20.8.0
[debug] [2026-07-20T04:11:27.846Z] Detected Agent: codex_cli
[debug] [2026-07-20T04:11:27.846Z] Time:          Sun Jul 19 2026 23:11:27 GMT-0500 (Central Daylight Time)
[debug] [2026-07-20T04:11:27.847Z] ----------------------------------------------------------------------
[debug] 
[debug] [2026-07-20T04:11:27.856Z] >>> [apiv2][query] GET https://firebase-public.firebaseio.com/cli.json [none]
[debug] [2026-07-20T04:11:28.094Z] > command requires scopes: ["email","openid","https://www.googleapis.com/auth/cloudplatformprojects.readonly","https://www.googleapis.com/auth/firebase","https://www.googleapis.com/auth/cloud-platform"]
[debug] [2026-07-20T04:11:28.138Z] Error: Could not load the default credentials. Browse to https://cloud.google.com/docs/authentication/getting-started for more information.
    at GoogleAuth.getApplicationDefaultAsync (C:\Users\JOANNE\AppData\Roaming\npm\node_modules\firebase-tools\node_modules\google-auth-library\build\src\auth\googleauth.js:287:15)
    at process.processTicksAndRejections (node:internal/process/task_queues:95:5)
    at async GoogleAuth._GoogleAuth_determineClient (C:\Users\JOANNE\AppData\Roaming\npm\node_modules\firebase-tools\node_modules\google-auth-library\build\src\auth\googleauth.js:834:32)
    at async GoogleAuth.getClient (C:\Users\JOANNE\AppData\Roaming\npm\node_modules\firebase-tools\node_modules\google-auth-library\build\src\auth\googleauth.js:698:20)
    at async GoogleAuth.getAccessToken (C:\Users\JOANNE\AppData\Roaming\npm\node_modules\firebase-tools\node_modules\google-auth-library\build\src\auth\googleauth.js:722:24)
    at async autoAuth (C:\Users\JOANNE\AppData\Roaming\npm\node_modules\firebase-tools\lib\requireAuth.js:38:19)
    at async Object.requireAuth [as fn] (C:\Users\JOANNE\AppData\Roaming\npm\node_modules\firebase-tools\lib\requireAuth.js:100:20)
    at async C:\Users\JOANNE\AppData\Roaming\npm\node_modules\firebase-tools\lib\command.js:278:17
[error] 
[error] Error: Failed to authenticate, have you run firebase login?
[debug] [2026-07-20T04:11:28.311Z] <<< [apiv2][status] GET https://firebase-public.firebaseio.com/cli.json 200
